Running tests.py as a hard gate before producing results...
 (This run covers 2 strategy/asset/timefra...)
[PASS] digest: one-liner has no opinion/advice language (1 verdict(s) changed since the 2026-09-0...)
[PASS] digest: one-liner has no opinion/advice language (Among rows with at least 30 out-of-sampl...)
[PASS] digest: build_for_edition returns a digest dict for en
[PASS] digest: returns None for editions with no data
[PASS] digest: per-as_of HTML page written
[PASS] digest: digest index page written
[PASS] digest: docs/feed.xml written
[PASS] digest: feed.xml is RSS 2.0 with full HTML content per item
[PASS] digest: docs/feed.json written
[PASS] digest: feed.json is JSON Feed 1.1 with >=1 item
skipped: BUTTONDOWN_API_KEY not set
[PASS] publish buttondown: returns 0 with no secret
skipped: BLUESKY_HANDLE/BLUESKY_APP_PASSWORD not set
[PASS] publish bluesky: returns 0 with no secret
skipped: MASTODON_INSTANCE/MASTODON_TOKEN not set
[PASS] publish mastodon: returns 0 with no secret
skipped: KAGGLE_USERNAME/KAGGLE_KEY not set
[PASS] publish kaggle: returns 0 with no secret
skipped: HF_TOKEN/HF_DATASET_REPO not set
[PASS] publish huggingface: returns 0 with no secret
skipped: BUTTONDOWN_API_KEY not set
skipped: BLUESKY_HANDLE/BLUESKY_APP_PASSWORD not set
skipped: MASTODON_INSTANCE/MASTODON_TOKEN not set
skipped: KAGGLE_USERNAME/KAGGLE_KEY not set
skipped: HF_TOKEN/HF_DATASET_REPO not set
[PASS] publish all: returns 0 with no secrets at all
buttondown (en): sent
bluesky: sent
mastodon: sent
[PASS] publish buttondown: posts to api.buttondown.com/v1/emails
[PASS] publish buttondown: Authorization: Token <key>
[PASS] publish buttondown: body has subject/body/status=about_to_send
[PASS] publish bluesky: createSession posts identifier/password
[PASS] publish bluesky: creates an app.bsky.feed.post record with a link facet
[PASS] publish mastodon: posts {status: ...} with Bearer auth
[PASS] publish: no subcommand exceeded Bluesky's 300-char post limit

ALL TESTS PASSED (pandas-engine tests; run crosscheck_bt.py separately for §6.2)

[run_weekly] BTCUSD 1d: as_of=2026-10-04, 24 rows (22 strategy variants + 2 reference), 7 popular-combo rows, 6 bot-template rows
[run_weekly] BTCUSD 4h: as_of=2026-10-05, 24 rows (22 strategy variants + 2 reference), 7 popular-combo rows, 6 bot-template rows
[run_weekly] ETHUSD 1d: as_of=2026-10-04, 24 rows (22 strategy variants + 2 reference), 7 popular-combo rows, 6 bot-template rows
[run_weekly] ETHUSD 4h: as_of=2026-10-05, 24 rows (22 strategy variants + 2 reference), 7 popular-combo rows, 6 bot-template rows

Wrote 96 rows to /home/runner/work/deadoralive/deadoralive/results/latest.json
Wrote /home/runner/work/deadoralive/deadoralive/results/history/2026-10-05.json
Wrote /home/runner/work/deadoralive/deadoralive/docs/latest.json
Verdict tally: {'ALIVE': 12, 'FADING': 32, 'DEAD': 28, 'TOO FEW TRADES': 16}

SUSPICIOUS RESULTS (OOS PF > 5.0 or Sharpe > 4.0) — treat as a possible bug, per spec_v2 §6:
  - {'strategy_id': 'ichimoku_cloud', 'params': '9-26-52', 'asset': 'BTCUSD', 'tf': '1d', 'oos_pf': np.float64(6.416101145589794), 'oos_sharpe': np.float64(1.4475230391645082)}
  - {'strategy_id': 'dca_bot', 'params': 'sostep1.5', 'asset': 'BTCUSD', 'tf': '1d', 'oos_pf': np.float64(47.63885002022214), 'oos_sharpe': np.float64(2.693321617766816)}
  - {'strategy_id': 'dca_bot', 'params': 'sostep2.5', 'asset': 'BTCUSD', 'tf': '1d', 'oos_pf': np.float64(55.31008320317573), 'oos_sharpe': np.float64(1.6692638874891836)}
  - {'strategy_id': 'dca_bot_sl', 'params': 'sostep2.5-sl15', 'asset': 'BTCUSD', 'tf': '1d', 'oos_pf': np.float64(17.058269804441366), 'oos_sharpe': np.float64(4.150659940378938)}
  - {'strategy_id': 'dip_pct', 'params': '-5pct-5bar', 'asset': 'BTCUSD', 'tf': '4h', 'oos_pf': np.float64(13.64100308775583), 'oos_sharpe': np.float64(1.0277669856099427)}
  - {'strategy_id': 'dca_bot', 'params': 'sostep1.5', 'asset': 'BTCUSD', 'tf': '4h', 'oos_pf': np.float64(6.370811439080721), 'oos_sharpe': np.float64(0.5639336902950134)}
  - {'strategy_id': 'dca_bot', 'params': 'sostep2.5', 'asset': 'BTCUSD', 'tf': '4h', 'oos_pf': np.float64(8.703222207111116), 'oos_sharpe': np.float64(0.6334222310381188)}
  - {'strategy_id': 'dca_bot_sl', 'params': 'sostep2.5-sl15', 'asset': 'BTCUSD', 'tf': '4h', 'oos_pf': np.float64(5.217245375477474), 'oos_sharpe': np.float64(0.6290446608045575)}
  - {'strategy_id': 'sma_cross', 'params': '20-100', 'asset': 'ETHUSD', 'tf': '1d', 'oos_pf': np.float64(7.739676604585068), 'oos_sharpe': np.float64(1.072364566393404)}
  - {'strategy_id': 'donchian', 'params': '55-20', 'asset': 'ETHUSD', 'tf': '1d', 'oos_pf': np.float64(7.315525497320669), 'oos_sharpe': np.float64(0.9547223708881925)}
  - {'strategy_id': 'dca_bot', 'params': 'sostep1.5', 'asset': 'ETHUSD', 'tf': '1d', 'oos_pf': inf, 'oos_sharpe': np.float64(18.155117402294685)}
  - {'strategy_id': 'dca_bot', 'params': 'sostep2.5', 'asset': 'ETHUSD', 'tf': '1d', 'oos_pf': inf, 'oos_sharpe': np.float64(5.244329894683978)}
  - {'strategy_id': 'dca_bot_sl', 'params': 'sostep2.5-sl15', 'asset': 'ETHUSD', 'tf': '1d', 'oos_pf': np.float64(17.39819909402264), 'oos_sharpe': np.float64(5.25645798834277)}
  - {'strategy_id': 'dca_bot', 'params': 'sostep2.5', 'asset': 'ETHUSD', 'tf': '4h', 'oos_pf': np.float64(7.262305127905953), 'oos_sharpe': np.float64(0.4339900116167399)}
  - {'strategy_id': 'dca_bot_sl', 'params': 'sostep2.5-sl15', 'asset': 'ETHUSD', 'tf': '4h', 'oos_pf': np.float64(6.917446525041805), 'oos_sharpe': np.float64(1.782077077727301)}
Wrote /home/runner/work/deadoralive/deadoralive/docs/index.html
Wrote /home/runner/work/deadoralive/deadoralive/docs/methodology.html
Wrote /home/runner/work/deadoralive/deadoralive/docs/api/v1/en/latest.json (spec_v3 §B)
[run_weekly] [ko] KRW-BTC 1d: as_of=2026-10-04, 24 rows (22 strategy variants + 2 reference), 7 popular-combo rows, 6 bot-template rows
[run_weekly] [ko] KRW-BTC 4h: as_of=2026-10-05, 24 rows (22 strategy variants + 2 reference), 7 popular-combo rows, 6 bot-template rows
[run_weekly] [ko] KRW-ETH 1d: as_of=2026-10-04, 24 rows (22 strategy variants + 2 reference), 7 popular-combo rows, 6 bot-template rows
[run_weekly] [ko] KRW-ETH 4h: as_of=2026-10-05, 24 rows (22 strategy variants + 2 reference), 7 popular-combo rows, 6 bot-template rows

[ko] Wrote 96 rows to /home/runner/work/deadoralive/deadoralive/results/latest_ko.json
Wrote /home/runner/work/deadoralive/deadoralive/results/history/ko_2026-10-05.json
Wrote /home/runner/work/deadoralive/deadoralive/docs/ko/latest.json
[ko] Verdict tally: {'ALIVE': 20, 'FADING': 32, 'DEAD': 19, 'TOO FEW TRADES': 17}

[ko] SUSPICIOUS RESULTS (OOS PF > 5.0 or Sharpe > 4.0) — treat as a possible bug, per spec_v2 §6:
  - {'strategy_id': 'sma_cross', 'params': '10-50', 'asset': 'KRW-BTC', 'tf': '1d', 'oos_pf': np.float64(8.53132363777902), 'oos_sharpe': np.float64(1.5771597166511035)}
  - {'strategy_id': 'ema_cross', 'params': '12-26', 'asset': 'KRW-BTC', 'tf': '1d', 'oos_pf': np.float64(6.873203699710485), 'oos_sharpe': np.float64(1.7154526045253038)}
  - {'strategy_id': 'ema_9_21', 'params': '9-21', 'asset': 'KRW-BTC', 'tf': '1d', 'oos_pf': np.float64(5.78132703003646), 'oos_sharpe': np.float64(1.606972020190791)}
  - {'strategy_id': 'ichimoku_cloud', 'params': '9-26-52', 'asset': 'KRW-BTC', 'tf': '1d', 'oos_pf': np.float64(23.911751298326756), 'oos_sharpe': np.float64(1.8075292237666356)}
  - {'strategy_id': 'dca_bot', 'params': 'sostep1.5', 'asset': 'KRW-BTC', 'tf': '1d', 'oos_pf': np.float64(5.528447867173379), 'oos_sharpe': np.float64(0.5253016824158195)}
  - {'strategy_id': 'sma_cross', 'params': '50-200', 'asset': 'KRW-BTC', 'tf': '4h', 'oos_pf': np.float64(6.5473385263122434), 'oos_sharpe': np.float64(1.6047966165050676)}
  - {'strategy_id': 'dca_bot', 'params': 'sostep2.5', 'asset': 'KRW-BTC', 'tf': '4h', 'oos_pf': np.float64(6.086484711841493), 'oos_sharpe': np.float64(0.355622914028738)}
  - {'strategy_id': 'sma_cross', 'params': '20-100', 'asset': 'KRW-ETH', 'tf': '1d', 'oos_pf': np.float64(6.604696877687373), 'oos_sharpe': np.float64(1.013294628668016)}
  - {'strategy_id': 'above_sma', 'params': 'n200', 'asset': 'KRW-ETH', 'tf': '1d', 'oos_pf': np.float64(24.20333806949919), 'oos_sharpe': np.float64(0.7244826481690879)}
  - {'strategy_id': 'above_sma', 'params': 'n50', 'asset': 'KRW-ETH', 'tf': '1d', 'oos_pf': np.float64(5.879666495819318), 'oos_sharpe': np.float64(1.4246545220784443)}
  - {'strategy_id': 'supertrend', 'params': '10-3', 'asset': 'KRW-ETH', 'tf': '1d', 'oos_pf': np.float64(6.437662514618151), 'oos_sharpe': np.float64(1.1516985560713737)}
  - {'strategy_id': 'bb_squeeze', 'params': 'bb20.2-look120-conf5', 'asset': 'KRW-ETH', 'tf': '1d', 'oos_pf': np.float64(6.81900828198046), 'oos_sharpe': np.float64(0.8933401655666086)}
  - {'strategy_id': 'ichimoku_cloud', 'params': '9-26-52', 'asset': 'KRW-ETH', 'tf': '1d', 'oos_pf': np.float64(6.546874456481719), 'oos_sharpe': np.float64(1.302668558540743)}
  - {'strategy_id': 'dca_bot', 'params': 'sostep1.5', 'asset': 'KRW-ETH', 'tf': '1d', 'oos_pf': inf, 'oos_sharpe': np.float64(7.2695799300317026)}
  - {'strategy_id': 'dca_bot', 'params': 'sostep2.5', 'asset': 'KRW-ETH', 'tf': '1d', 'oos_pf': np.float64(23.12762042084645), 'oos_sharpe': np.float64(2.066498022428984)}
  - {'strategy_id': 'dca_bot_sl', 'params': 'sostep2.5-sl15', 'asset': 'KRW-ETH', 'tf': '1d', 'oos_pf': np.float64(15.460300642099694), 'oos_sharpe': np.float64(4.864243329205488)}
  - {'strategy_id': 'sma_cross', 'params': '50-200', 'asset': 'KRW-ETH', 'tf': '4h', 'oos_pf': np.float64(5.086905300607822), 'oos_sharpe': np.float64(1.677160535649409)}
  - {'strategy_id': 'dca_bot', 'params': 'sostep2.5', 'asset': 'KRW-ETH', 'tf': '4h', 'oos_pf': np.float64(6.978490343995475), 'oos_sharpe': np.float64(0.46790657611691383)}
  - {'strategy_id': 'dca_bot_sl', 'params': 'sostep2.5-sl15', 'asset': 'KRW-ETH', 'tf': '4h', 'oos_pf': np.float64(5.350452466056864), 'oos_sharpe': np.float64(0.8611198719684863)}
Wrote /home/runner/work/deadoralive/deadoralive/docs/ko/index.html
Wrote /home/runner/work/deadoralive/deadoralive/docs/ko/methodology.html
Wrote /home/runner/work/deadoralive/deadoralive/docs/api/v1/ko/latest.json (spec_v3 §B)
[run_weekly] [stocks] SPY 1d: as_of=2026-10-02, 24 rows (22 strategy variants + 2 reference), 7 popular-combo rows, 6 bot-template rows
[run_weekly] [stocks] QQQ 1d: as_of=2026-10-02, 24 rows (22 strategy variants + 2 reference), 7 popular-combo rows, 6 bot-template rows

[stocks] Wrote 48 rows to /home/runner/work/deadoralive/deadoralive/results/latest_stocks.json
Wrote /home/runner/work/deadoralive/deadoralive/results/history/stocks_2026-10-02.json
Wrote /home/runner/work/deadoralive/deadoralive/docs/stocks/latest.json
[stocks] Verdict tally: {'ALIVE': 4, 'FADING': 16, 'DEAD': 0, 'TOO FEW TRADES': 24}

[stocks] SUSPICIOUS RESULTS (OOS PF > 5.0 or Sharpe > 4.0) — treat as a possible bug, per spec_v2 §6:
  - {'strategy_id': 'sma_cross', 'params': '10-50', 'asset': 'SPY', 'tf': '1d', 'oos_pf': np.float64(5.16648652007203), 'oos_sharpe': np.float64(1.0184774138241606)}
  - {'strategy_id': 'sma_cross', 'params': '20-100', 'asset': 'SPY', 'tf': '1d', 'oos_pf': np.float64(20.7004133828217), 'oos_sharpe': np.float64(0.9106418221384286)}
  - {'strategy_id': 'ema_cross', 'params': '12-26', 'asset': 'SPY', 'tf': '1d', 'oos_pf': np.float64(7.1792108493703095), 'oos_sharpe': np.float64(1.2499017888916937)}
  - {'strategy_id': 'above_sma', 'params': 'n200', 'asset': 'SPY', 'tf': '1d', 'oos_pf': np.float64(8.966329166831574), 'oos_sharpe': np.float64(1.0123568675171999)}
  - {'strategy_id': 'tsmom', 'params': 'n90', 'asset': 'SPY', 'tf': '1d', 'oos_pf': np.float64(19.632316233777996), 'oos_sharpe': np.float64(1.0691777001724976)}
  - {'strategy_id': 'ichimoku_cloud', 'params': '9-26-52', 'asset': 'SPY', 'tf': '1d', 'oos_pf': np.float64(5.121142510049022), 'oos_sharpe': np.float64(0.995384265957614)}
  - {'strategy_id': 'sma_cross', 'params': '20-100', 'asset': 'QQQ', 'tf': '1d', 'oos_pf': np.float64(113.00724900599708), 'oos_sharpe': np.float64(1.0000059606863203)}
  - {'strategy_id': 'sma_cross', 'params': '50-200', 'asset': 'QQQ', 'tf': '1d', 'oos_pf': np.float64(8.345699132443297), 'oos_sharpe': np.float64(0.772765516151782)}
  - {'strategy_id': 'rsi_mr', 'params': 'exit50', 'asset': 'QQQ', 'tf': '1d', 'oos_pf': np.float64(5.728928757996147), 'oos_sharpe': np.float64(0.27150080632635765)}
  - {'strategy_id': 'bb_mr', 'params': '20-2', 'asset': 'QQQ', 'tf': '1d', 'oos_pf': np.float64(7.652934421501146), 'oos_sharpe': np.float64(0.4981623473112776)}
  - {'strategy_id': 'tsmom', 'params': 'n90', 'asset': 'QQQ', 'tf': '1d', 'oos_pf': np.float64(5.61412252114584), 'oos_sharpe': np.float64(0.8563584315633187)}
  - {'strategy_id': 'dca_bot_sl', 'params': 'sostep2.5-sl15', 'asset': 'QQQ', 'tf': '1d', 'oos_pf': np.float64(7.9813344875807), 'oos_sharpe': np.float64(0.5215925634324644)}
Wrote /home/runner/work/deadoralive/deadoralive/docs/stocks/index.html
Wrote /home/runner/work/deadoralive/deadoralive/docs/stocks/methodology.html
Wrote /home/runner/work/deadoralive/deadoralive/docs/api/v1/stocks/latest.json (spec_v3 §B)
[run_weekly] [macro] GLD 1d: as_of=2026-10-02, 24 rows (22 strategy variants + 2 reference), 7 popular-combo rows, 6 bot-template rows
[run_weekly] [macro] SLV 1d: as_of=2026-10-02, 24 rows (22 strategy variants + 2 reference), 7 popular-combo rows, 6 bot-template rows
[run_weekly] [macro] USO 1d: as_of=2026-10-02, 24 rows (22 strategy variants + 2 reference), 7 popular-combo rows, 6 bot-template rows
[run_weekly] [macro] EURUSD 1d: as_of=2026-10-01, 24 rows (22 strategy variants + 2 reference), 7 popular-combo rows, 6 bot-template rows
[run_weekly] [macro] USDJPY 1d: as_of=2026-10-01, 24 rows (22 strategy variants + 2 reference), 7 popular-combo rows, 6 bot-template rows

[macro] Wrote 120 rows to /home/runner/work/deadoralive/deadoralive/results/latest_macro.json
Wrote /home/runner/work/deadoralive/deadoralive/results/history/macro_2026-10-02.json
Wrote /home/runner/work/deadoralive/deadoralive/docs/macro/latest.json
[macro] Verdict tally: {'ALIVE': 7, 'FADING': 33, 'DEAD': 16, 'TOO FEW TRADES': 54}

[macro] SUSPICIOUS RESULTS (OOS PF > 5.0 or Sharpe > 4.0) — treat as a possible bug, per spec_v2 §6:
  - {'strategy_id': 'sma_cross', 'params': '10-50', 'asset': 'GLD', 'tf': '1d', 'oos_pf': np.float64(6.268438223317412), 'oos_sharpe': np.float64(1.0519386979816807)}
  - {'strategy_id': 'sma_cross', 'params': '20-100', 'asset': 'GLD', 'tf': '1d', 'oos_pf': np.float64(7.874518550061392), 'oos_sharpe': np.float64(1.203382366465928)}
  - {'strategy_id': 'ema_cross', 'params': '12-26', 'asset': 'GLD', 'tf': '1d', 'oos_pf': np.float64(6.4027717154411175), 'oos_sharpe': np.float64(1.173608332473966)}
  - {'strategy_id': 'above_sma', 'params': 'n200', 'asset': 'GLD', 'tf': '1d', 'oos_pf': np.float64(102.03965360926595), 'oos_sharpe': np.float64(1.185650980274476)}
  - {'strategy_id': 'above_sma', 'params': 'n50', 'asset': 'GLD', 'tf': '1d', 'oos_pf': np.float64(5.397345136863234), 'oos_sharpe': np.float64(1.1073825934226647)}
  - {'strategy_id': 'donchian', 'params': '55-20', 'asset': 'GLD', 'tf': '1d', 'oos_pf': np.float64(8.041457833399507), 'oos_sharpe': np.float64(1.068490308671313)}
  - {'strategy_id': 'rsi_mr', 'params': 'exit50', 'asset': 'GLD', 'tf': '1d', 'oos_pf': np.float64(17.57297315693241), 'oos_sharpe': np.float64(0.5021169346671154)}
  - {'strategy_id': 'dip_pct', 'params': '-5pct-5bar', 'asset': 'GLD', 'tf': '1d', 'oos_pf': np.float64(7.191517872508053), 'oos_sharpe': np.float64(0.4602446741056286)}
  - {'strategy_id': 'ichimoku_cloud', 'params': '9-26-52', 'asset': 'GLD', 'tf': '1d', 'oos_pf': np.float64(12.858184227289964), 'oos_sharpe': np.float64(1.272022496569416)}
  - {'strategy_id': 'dca_bot', 'params': 'sostep1.5', 'asset': 'GLD', 'tf': '1d', 'oos_pf': np.float64(5.084567334424602), 'oos_sharpe': np.float64(0.39488870494623757)}
  - {'strategy_id': 'dca_bot', 'params': 'sostep2.5', 'asset': 'GLD', 'tf': '1d', 'oos_pf': np.float64(5.6123344913589515), 'oos_sharpe': np.float64(0.23618296401422198)}
  - {'strategy_id': 'dca_bot_sl', 'params': 'sostep2.5-sl15', 'asset': 'GLD', 'tf': '1d', 'oos_pf': np.float64(5.822576228545983), 'oos_sharpe': np.float64(0.39219446305036487)}
  - {'strategy_id': 'sma_cross', 'params': '20-100', 'asset': 'SLV', 'tf': '1d', 'oos_pf': np.float64(18.884948866681928), 'oos_sharpe': np.float64(1.1671399080599638)}
  - {'strategy_id': 'donchian', 'params': '55-20', 'asset': 'SLV', 'tf': '1d', 'oos_pf': np.float64(8.629583116470332), 'oos_sharpe': np.float64(1.0926177659653697)}
  - {'strategy_id': 'supertrend', 'params': '10-3', 'asset': 'SLV', 'tf': '1d', 'oos_pf': np.float64(5.218079790684579), 'oos_sharpe': np.float64(1.0193181360362884)}
  - {'strategy_id': 'tsmom', 'params': 'n30', 'asset': 'SLV', 'tf': '1d', 'oos_pf': np.float64(6.3522778753649485), 'oos_sharpe': np.float64(1.1702846235764357)}
  - {'strategy_id': 'tsmom', 'params': 'n90', 'asset': 'SLV', 'tf': '1d', 'oos_pf': np.float64(6.08930917786537), 'oos_sharpe': np.float64(1.0222324260619795)}
  - {'strategy_id': 'ichimoku_cloud', 'params': '9-26-52', 'asset': 'SLV', 'tf': '1d', 'oos_pf': np.float64(8.909297101066533), 'oos_sharpe': np.float64(1.1627493505189688)}
  - {'strategy_id': 'dca_bot', 'params': 'sostep1.5', 'asset': 'SLV', 'tf': '1d', 'oos_pf': np.float64(5.527106136835249), 'oos_sharpe': np.float64(0.5523911566359934)}
  - {'strategy_id': 'dca_bot', 'params': 'sostep2.5', 'asset': 'SLV', 'tf': '1d', 'oos_pf': np.float64(7.244869120926677), 'oos_sharpe': np.float64(0.6323832160763556)}
  - {'strategy_id': 'dca_bot_sl', 'params': 'sostep2.5-sl15', 'asset': 'SLV', 'tf': '1d', 'oos_pf': np.float64(6.469434909317042), 'oos_sharpe': np.float64(0.6724295280030193)}
  - {'strategy_id': 'donchian', 'params': '55-20', 'asset': 'USO', 'tf': '1d', 'oos_pf': np.float64(6.428490691961885), 'oos_sharpe': np.float64(0.7433449955222705)}
  - {'strategy_id': 'bb_mr', 'params': '20-2', 'asset': 'USO', 'tf': '1d', 'oos_pf': np.float64(27.659413719750404), 'oos_sharpe': np.float64(0.7321282348975225)}
  - {'strategy_id': 'dca_bot_sl', 'params': 'sostep2.5-sl15', 'asset': 'USO', 'tf': '1d', 'oos_pf': np.float64(16.84948391822594), 'oos_sharpe': np.float64(1.628861880234063)}
  - {'strategy_id': 'bb_breakout', 'params': '20-2', 'asset': 'EURUSD', 'tf': '1d', 'oos_pf': np.float64(5.102892131471001), 'oos_sharpe': np.float64(0.46939358042299284)}
  - {'strategy_id': 'dca_bot', 'params': 'sostep1.5', 'asset': 'EURUSD', 'tf': '1d', 'oos_pf': np.float64(10.179941691148205), 'oos_sharpe': np.float64(0.7004841401896641)}
  - {'strategy_id': 'dca_bot', 'params': 'sostep2.5', 'asset': 'EURUSD', 'tf': '1d', 'oos_pf': np.float64(6.151634754928593), 'oos_sharpe': np.float64(0.3484023519492841)}
  - {'strategy_id': 'dca_bot_sl', 'params': 'sostep2.5-sl15', 'asset': 'EURUSD', 'tf': '1d', 'oos_pf': np.float64(6.151634754928593), 'oos_sharpe': np.float64(0.3484023519492841)}
  - {'strategy_id': 'donchian', 'params': '55-20', 'asset': 'USDJPY', 'tf': '1d', 'oos_pf': np.float64(10.851975991113253), 'oos_sharpe': np.float64(0.22498806573341223)}
  - {'strategy_id': 'dca_bot', 'params': 'sostep2.5', 'asset': 'USDJPY', 'tf': '1d', 'oos_pf': np.float64(37.50108779471863), 'oos_sharpe': np.float64(0.5102565609855926)}
  - {'strategy_id': 'dca_bot_sl', 'params': 'sostep2.5-sl15', 'asset': 'USDJPY', 'tf': '1d', 'oos_pf': np.float64(37.50108779471863), 'oos_sharpe': np.float64(0.5102565609855926)}
Wrote /home/runner/work/deadoralive/deadoralive/docs/macro/index.html
Wrote /home/runner/work/deadoralive/deadoralive/docs/macro/methodology.html
Wrote /home/runner/work/deadoralive/deadoralive/docs/api/v1/macro/latest.json (spec_v3 §B)
Wrote /home/runner/work/deadoralive/deadoralive/docs/api/v1/README.md
Wrote /home/runner/work/deadoralive/deadoralive/docs/api/index.html
Wrote /home/runner/work/deadoralive/deadoralive/docs/places.html
Wrote /home/runner/work/deadoralive/deadoralive/docs/ko/places.html
Wrote /home/runner/work/deadoralive/deadoralive/docs/registry.html
Wrote /home/runner/work/deadoralive/deadoralive/docs/ko/registry.html
Wrote /home/runner/work/deadoralive/deadoralive/docs/api/v1/<edition>/index_history.json (en/ko/stocks/macro)
Wrote /home/runner/work/deadoralive/deadoralive/docs/index-history.html
Wrote /home/runner/work/deadoralive/deadoralive/docs/ko/index-history.html
Wrote 140 badge(s) + summary.svg to /home/runner/work/deadoralive/deadoralive/docs/badges/en
Wrote 140 badge(s) (+ summary.svg if ko had data) to /home/runner/work/deadoralive/deadoralive/docs/badges/ko
Wrote 70 badge(s) (+ summary.svg if stocks had data) to /home/runner/work/deadoralive/deadoralive/docs/badges/stocks
Wrote 175 badge(s) (+ summary.svg if macro had data) to /home/runner/work/deadoralive/deadoralive/docs/badges/macro
Wrote 70 /s/ pages (en), 70 /s/ pages (ko), 70 /s/ pages (stocks), 175 /s/ pages (macro)
Wrote /home/runner/work/deadoralive/deadoralive/docs/sitemap.xml
Wrote /home/runner/work/deadoralive/deadoralive/docs/robots.txt
Wrote /home/runner/work/deadoralive/deadoralive/docs/digest, docs/feed.xml, docs/feed.json, docs/ko/digest, docs/ko/feed.xml (edition data permitting)
